// Jest Snapshot v1, https://goo.gl/fbAQLP

exports[`components exports 1`] = `
Array [
  "AbstractPrefetch",
  "AbstractScrollAnimation",
  "AbstractSliderChild",
  "Accordion",
  "AccordionItem",
  "AnchorScrollTo",
  "Cursor",
  "Draggable",
  "Figure",
  "LargeText",
  "LazyInclude",
  "Menu",
  "MenuBtn",
  "MenuList",
  "Modal",
  "ModalWithTransition",
  "Panel",
  "PrefetchWhenOver",
  "PrefetchWhenVisible",
  "ScrollAnimation",
  "ScrollAnimationChild",
  "ScrollAnimationParent",
  "Sentinel",
  "Slider",
  "SliderBtn",
  "SliderCount",
  "SliderDots",
  "SliderDrag",
  "SliderItem",
  "SliderProgress",
  "Sticky",
  "TableOfContent",
  "TableOfContentAnchor",
  "Tabs",
  "Transition",
]
`;
