
        




<button title="Label" type="button" class="py-4&#x20;btn">
                        Label
                </button>    
