<a title="Label" href="&#x23;" class="btn">Label</a>
