




<button title="" type="button" class="py-4&#x20;btn">
                        
                </button>
