
        




<button title="Label" type="submit" class="btn&#x20;">
                        Label
                </button>    
